// Jest Snapshot v1, https://goo.gl/fbAQLP

exports[`Options emitFile {Boolean} True (Default) 1`] = `"77f94cfeb835c099e9eeab739989952d.babylon"`;
exports[`Options emitFile {Boolean} True (Default) 2`] = `"77f94cfeb835c099e9eeab739989952d.babylon.manifest"`;

exports[`Options emitFile {Boolean} True (No Manifest) 1`] = `"95d20d8b215d33fb77af8cf2120e3208.babylon"`;
